Job ID     : 172680
Node       : b-19-19
Start time : Fri Apr 24 23:14:56 EDT 2026
=======================================================
1. Separate probes for alpha and zeta
=======================================================
Device: cuda
Dataset sizes  — train: 11,550  val: 1,584  test: 1,716
Batches/epoch  — train: 1,443  val: 198
Loaded encoder from /scratch/va2661/data/active_matter/checkpoints/jepa/best.pt  (epoch 97)

Extracting features...

Label stats:
  alpha: mean=-3.0230 std=1.4541
  zeta:  mean=9.0246 std=5.2109

Training probe for alpha (100 epochs)...
  Epoch   1/100 | val_mse_norm=0.0765
  Epoch  10/100 | val_mse_norm=0.0317
  Epoch  20/100 | val_mse_norm=0.0288
  Epoch  30/100 | val_mse_norm=0.0263
  Epoch  40/100 | val_mse_norm=0.0263
  Epoch  50/100 | val_mse_norm=0.0252
  Epoch  60/100 | val_mse_norm=0.0246
  Epoch  70/100 | val_mse_norm=0.0247
  Epoch  80/100 | val_mse_norm=0.0242
  Epoch  90/100 | val_mse_norm=0.0241
  Epoch 100/100 | val_mse_norm=0.0241
  Best val MSE (alpha): 0.0240

Training probe for zeta (100 epochs)...
  Epoch   1/100 | val_mse_norm=0.3728
  Epoch  10/100 | val_mse_norm=0.2302
  Epoch  20/100 | val_mse_norm=0.2179
  Epoch  30/100 | val_mse_norm=0.2056
  Epoch  40/100 | val_mse_norm=0.2027
  Epoch  50/100 | val_mse_norm=0.2027
  Epoch  60/100 | val_mse_norm=0.2012
  Epoch  70/100 | val_mse_norm=0.1996
  Epoch  80/100 | val_mse_norm=0.1985
  Epoch  90/100 | val_mse_norm=0.1985
  Epoch 100/100 | val_mse_norm=0.1983
  Best val MSE (zeta): 0.1969

=======================================================
Separate probe results — val
=======================================================
  MSE (normalised, combined) : 0.1104
  MSE alpha (normalised)     : 0.0240
  MSE zeta  (normalised)     : 0.1969
Separate probe results — test
=======================================================
  MSE (normalised, combined) : 0.0904
  MSE alpha (normalised)     : 0.0387
  MSE zeta  (normalised)     : 0.1420

Results saved → /scratch/va2661/data/active_matter/checkpoints/jepa/probe/probe_separate_results__best.yaml
=======================================================
2. L2 regularization sweep
=======================================================
Device: cuda
Sweep weight_decays: [1e-05, 0.0001, 0.001, 0.01, 0.1]
Dataset sizes  — train: 11,550  val: 1,584  test: 1,716
Batches/epoch  — train: 1,443  val: 198
Loaded encoder (epoch 97)

Extracting features...

============================================================
weight_decay    val_MSE      alpha      zeta       test_MSE
============================================================
1e-05           0.1080       0.0252     0.1909     0.0935
1e-04           0.1081       0.0252     0.1911     0.0936
1e-03           0.1081       0.0249     0.1914     0.0955
1e-02           0.1125       0.0275     0.1975     0.0992
1e-01           0.1409       0.0358     0.2461     0.1312

Best weight_decay: 1e-05 (val MSE = 0.1080)

=======================================================
Best probe test results (wd=1e-05)
=======================================================
  MSE (normalised, combined) : 0.0935
  MSE alpha (normalised)     : 0.0386
  MSE zeta  (normalised)     : 0.1485

Results saved → /scratch/va2661/data/active_matter/checkpoints/jepa/probe/probe_sweep_results__best.yaml
=======================================================
3. 5-fold CV with ensemble test predictions
=======================================================
Device: cuda
Folds: 5
Dataset sizes  — train: 11,550  val: 1,584  test: 1,716
Batches/epoch  — train: 1,443  val: 198
Loaded encoder (epoch 97)

Extracting features...

Label stats:
  alpha: mean=-3.0226 std=1.4539
  zeta:  mean=9.0255 std=5.2108

=======================================================
Fold   val_MSE      alpha      zeta      
=======================================================
1      0.1240       0.0283     0.2196
2      0.1165       0.0299     0.2031
3      0.1323       0.0296     0.2351
4      0.1210       0.0256     0.2164
5      0.1212       0.0309     0.2116

CV summary (5 folds):
  Mean val MSE : 0.1230 ± 0.0053
  Mean alpha   : 0.0288
  Mean zeta    : 0.2172

── Ensemble test predictions (5 probes) ──
  MSE (normalised, combined) : 0.0951
  MSE alpha (normalised)     : 0.0410
  MSE zeta  (normalised)     : 0.1492

── Held-out val set evaluation (single best-fold probe) ──
  Best fold: 2
  Val MSE (combined) : 0.1093
  Val alpha          : 0.0252
  Val zeta           : 0.1935

Results saved → /scratch/va2661/data/active_matter/checkpoints/jepa/probe/probe_cv_results__best.yaml
Fold weights  → /scratch/va2661/data/active_matter/checkpoints/jepa/probe/probe_cv_fold*__best.pt
=======================================================
4. Epoch ensemble (epoch 80 + epoch 90 + best)
=======================================================
Device: cuda
Checkpoints: ['/scratch/va2661/data/active_matter/checkpoints/jepa/epoch_0080.pt', '/scratch/va2661/data/active_matter/checkpoints/jepa/epoch_0090.pt', '/scratch/va2661/data/active_matter/checkpoints/jepa/best.pt']
Dataset sizes  — train: 11,550  val: 1,584  test: 1,716
Batches/epoch  — train: 1,443  val: 198

── Checkpoint: epoch_0080.pt ──
  epoch 80
  Extracting features...
  Val MSE: 0.1171 | Test MSE: 0.0955 (α=0.0383, ζ=0.1527)

── Checkpoint: epoch_0090.pt ──
  epoch 90
  Extracting features...
  Val MSE: 0.1122 | Test MSE: 0.0913 (α=0.0391, ζ=0.1436)

── Checkpoint: best.pt ──
  epoch 97
  Extracting features...
  Val MSE: 0.1087 | Test MSE: 0.0919 (α=0.0373, ζ=0.1465)

=======================================================
Ensemble (3 probes)
=======================================================
  MSE (normalised, combined) : 0.0915
  MSE alpha (normalised)     : 0.0378
  MSE zeta  (normalised)     : 0.1452

  Best single model: epoch_0090.pt (test=0.0913)
  Ensemble improvement: -0.2%

Results saved → /scratch/va2661/data/active_matter/checkpoints/jepa/probe/probe_ensemble_checkpoints_results.yaml
=======================================================
5. Attention pooling probe
=======================================================
Device: cuda
Dataset sizes  — train: 11,550  val: 1,584  test: 1,716
Batches/epoch  — train: 1,443  val: 198
Loaded encoder (epoch 97)

Extracting token sequences...
  Token shape: torch.Size([11544, 1568, 384])

Training attention probe (100 epochs)...
  Token dim : torch.Size([11544, 1568, 384])
  Epoch   1/100 | val_mse=0.2283 (α=0.0905, ζ=0.3661)
  Epoch  10/100 | val_mse=0.1167 (α=0.0307, ζ=0.2027)
  Epoch  20/100 | val_mse=0.1091 (α=0.0295, ζ=0.1887)
  Epoch  30/100 | val_mse=0.1058 (α=0.0277, ζ=0.1839)
  Epoch  40/100 | val_mse=0.1070 (α=0.0283, ζ=0.1857)
  Epoch  50/100 | val_mse=0.1085 (α=0.0274, ζ=0.1895)
  Epoch  60/100 | val_mse=0.1058 (α=0.0277, ζ=0.1838)
  Epoch  70/100 | val_mse=0.1064 (α=0.0272, ζ=0.1856)
  Epoch  80/100 | val_mse=0.1060 (α=0.0268, ζ=0.1851)
  Epoch  90/100 | val_mse=0.1063 (α=0.0267, ζ=0.1860)
  Epoch 100/100 | val_mse=0.1065 (α=0.0268, ζ=0.1863)

Best val MSE: 0.1039

=======================================================
Attention pool probe results — val
=======================================================
  MSE (normalised, combined) : 0.1039
  MSE alpha (normalised)     : 0.0277
  MSE zeta  (normalised)     : 0.1801

=======================================================
Attention pool probe results — test
=======================================================
  MSE (normalised, combined) : 0.0879
  MSE alpha (normalised)     : 0.0347
  MSE zeta  (normalised)     : 0.1410

Weights saved → /scratch/va2661/data/active_matter/checkpoints/jepa/probe/probe_attn_pool__best.pt
=======================================================
All competition scripts complete
=======================================================
End time : Sat Apr 25 00:16:12 EDT 2026
