Job ID     : 162048
Node       : b-19-58
Start time : Thu Apr  9 17:09:44 EDT 2026
Starting training...
Device: cuda
  GPU: NVIDIA A100-SXM4-40GB
Loaded channel stats from stats.yaml
  Raw stats keys: ['mean', 'mean_delta', 'rms', 'rms_delta', 'std', 'std_delta']
  mean: ['1.0000', '-0.0000', '0.0000', '0.5018', '-0.0062', '-0.0062', '0.4982', '0.0000', '0.0000', '0.0000', '-0.0000']
  std : ['0.0030', '0.5772', '0.5671', '0.3201', '0.3311', '0.3311', '0.3202', '0.4073', '0.4322', '0.4322', '0.4073']
Dataset sizes  — train: 875  val: 120  test: 130
Batches/epoch  — train: 109  val: 15

Model parameters: encoder=2.86M  predictor=0.64M  total=3.50M
  Resumed from epoch 184  (step 20165)

Starting training from epoch 185 / 200

  Epoch 185 [   0/109]  loss=0.0534  lr=6.09e-06  ema_tau=0.99994
  Epoch 185 [  20/109]  loss=0.0647  lr=5.97e-06  ema_tau=0.99995
  Epoch 185 [  40/109]  loss=0.0660  lr=5.85e-06  ema_tau=0.99995
  Epoch 185 [  60/109]  loss=0.0578  lr=5.73e-06  ema_tau=0.99995
  Epoch 185 [  80/109]  loss=0.0560  lr=5.61e-06  ema_tau=0.99995
  Epoch 185 [ 100/109]  loss=0.0642  lr=5.49e-06  ema_tau=0.99995

Epoch 185 done | avg_loss=0.0610 | time=96.9s
  Collapse check — embed_std=0.0458  mean_cos_sim=0.5609
  Val loss: 0.0632
  Checkpoint saved → /scratch/va2661/data/active_matter/checkpoints/jepa/latest.pt

  Epoch 186 [   0/109]  loss=0.0573  lr=5.44e-06  ema_tau=0.99995
  Epoch 186 [  20/109]  loss=0.0611  lr=5.33e-06  ema_tau=0.99995
  Epoch 186 [  40/109]  loss=0.0569  lr=5.21e-06  ema_tau=0.99995
  Epoch 186 [  60/109]  loss=0.0740  lr=5.10e-06  ema_tau=0.99996
  Epoch 186 [  80/109]  loss=0.0551  lr=4.99e-06  ema_tau=0.99996
  Epoch 186 [ 100/109]  loss=0.0426  lr=4.88e-06  ema_tau=0.99996

Epoch 186 done | avg_loss=0.0608 | time=96.0s
  Val loss: 0.0619
  Checkpoint saved → /scratch/va2661/data/active_matter/checkpoints/jepa/latest.pt

  Epoch 187 [   0/109]  loss=0.0631  lr=4.83e-06  ema_tau=0.99996
  Epoch 187 [  20/109]  loss=0.0644  lr=4.72e-06  ema_tau=0.99996
  Epoch 187 [  40/109]  loss=0.0519  lr=4.62e-06  ema_tau=0.99996
  Epoch 187 [  60/109]  loss=0.0666  lr=4.52e-06  ema_tau=0.99996
  Epoch 187 [  80/109]  loss=0.0666  lr=4.41e-06  ema_tau=0.99996
  Epoch 187 [ 100/109]  loss=0.0608  lr=4.31e-06  ema_tau=0.99996

Epoch 187 done | avg_loss=0.0606 | time=94.7s
  Val loss: 0.0624
  Checkpoint saved → /scratch/va2661/data/active_matter/checkpoints/jepa/latest.pt

  Epoch 188 [   0/109]  loss=0.0443  lr=4.27e-06  ema_tau=0.99996
  Epoch 188 [  20/109]  loss=0.0664  lr=4.17e-06  ema_tau=0.99997
  Epoch 188 [  40/109]  loss=0.0689  lr=4.07e-06  ema_tau=0.99997
  Epoch 188 [  60/109]  loss=0.0453  lr=3.98e-06  ema_tau=0.99997
  Epoch 188 [  80/109]  loss=0.0591  lr=3.88e-06  ema_tau=0.99997
  Epoch 188 [ 100/109]  loss=0.0636  lr=3.79e-06  ema_tau=0.99997

Epoch 188 done | avg_loss=0.0607 | time=92.7s
  Val loss: 0.0614
  Checkpoint saved → /scratch/va2661/data/active_matter/checkpoints/jepa/latest.pt
  Checkpoint saved → /scratch/va2661/data/active_matter/checkpoints/jepa/best.pt

  Epoch 189 [   0/109]  loss=0.0704  lr=3.75e-06  ema_tau=0.99997
  Epoch 189 [  20/109]  loss=0.0634  lr=3.66e-06  ema_tau=0.99997
  Epoch 189 [  40/109]  loss=0.0577  lr=3.57e-06  ema_tau=0.99997
  Epoch 189 [  60/109]  loss=0.0531  lr=3.48e-06  ema_tau=0.99997
  Epoch 189 [  80/109]  loss=0.0628  lr=3.39e-06  ema_tau=0.99997
  Epoch 189 [ 100/109]  loss=0.0533  lr=3.31e-06  ema_tau=0.99997

Epoch 189 done | avg_loss=0.0608 | time=95.7s
  Val loss: 0.0628
  Checkpoint saved → /scratch/va2661/data/active_matter/checkpoints/jepa/latest.pt

  Epoch 190 [   0/109]  loss=0.0637  lr=3.27e-06  ema_tau=0.99998
  Epoch 190 [  20/109]  loss=0.0586  lr=3.19e-06  ema_tau=0.99998
  Epoch 190 [  40/109]  loss=0.0572  lr=3.11e-06  ema_tau=0.99998
  Epoch 190 [  60/109]  loss=0.0521  lr=3.03e-06  ema_tau=0.99998
  Epoch 190 [  80/109]  loss=0.0731  lr=2.95e-06  ema_tau=0.99998
  Epoch 190 [ 100/109]  loss=0.0694  lr=2.87e-06  ema_tau=0.99998

Epoch 190 done | avg_loss=0.0605 | time=94.3s
  Collapse check — embed_std=0.0456  mean_cos_sim=0.5520
  Val loss: 0.0632
  Checkpoint saved → /scratch/va2661/data/active_matter/checkpoints/jepa/latest.pt

  Epoch 191 [   0/109]  loss=0.0722  lr=2.84e-06  ema_tau=0.99998
  Epoch 191 [  20/109]  loss=0.0581  lr=2.77e-06  ema_tau=0.99998
  Epoch 191 [  40/109]  loss=0.0658  lr=2.69e-06  ema_tau=0.99998
  Epoch 191 [  60/109]  loss=0.0566  lr=2.62e-06  ema_tau=0.99998
  Epoch 191 [  80/109]  loss=0.0641  lr=2.55e-06  ema_tau=0.99998
  Epoch 191 [ 100/109]  loss=0.0676  lr=2.49e-06  ema_tau=0.99998

Epoch 191 done | avg_loss=0.0605 | time=95.0s
  Val loss: 0.0630
  Checkpoint saved → /scratch/va2661/data/active_matter/checkpoints/jepa/latest.pt

  Epoch 192 [   0/109]  loss=0.0644  lr=2.45e-06  ema_tau=0.99998
  Epoch 192 [  20/109]  loss=0.0614  lr=2.39e-06  ema_tau=0.99998
  Epoch 192 [  40/109]  loss=0.0586  lr=2.32e-06  ema_tau=0.99999
  Epoch 192 [  60/109]  loss=0.0646  lr=2.26e-06  ema_tau=0.99999
  Epoch 192 [  80/109]  loss=0.0707  lr=2.20e-06  ema_tau=0.99999
  Epoch 192 [ 100/109]  loss=0.0647  lr=2.14e-06  ema_tau=0.99999

Epoch 192 done | avg_loss=0.0608 | time=94.6s
  Val loss: 0.0626
  Checkpoint saved → /scratch/va2661/data/active_matter/checkpoints/jepa/latest.pt

  Epoch 193 [   0/109]  loss=0.0486  lr=2.11e-06  ema_tau=0.99999
  Epoch 193 [  20/109]  loss=0.0598  lr=2.06e-06  ema_tau=0.99999
  Epoch 193 [  40/109]  loss=0.0679  lr=2.00e-06  ema_tau=0.99999
  Epoch 193 [  60/109]  loss=0.0618  lr=1.95e-06  ema_tau=0.99999
  Epoch 193 [  80/109]  loss=0.0759  lr=1.89e-06  ema_tau=0.99999
  Epoch 193 [ 100/109]  loss=0.0658  lr=1.84e-06  ema_tau=0.99999

Epoch 193 done | avg_loss=0.0604 | time=92.2s
  Val loss: 0.0623
  Checkpoint saved → /scratch/va2661/data/active_matter/checkpoints/jepa/latest.pt

  Epoch 194 [   0/109]  loss=0.0508  lr=1.82e-06  ema_tau=0.99999
  Epoch 194 [  20/109]  loss=0.0616  lr=1.77e-06  ema_tau=0.99999
  Epoch 194 [  40/109]  loss=0.0569  lr=1.72e-06  ema_tau=0.99999
  Epoch 194 [  60/109]  loss=0.0575  lr=1.68e-06  ema_tau=0.99999
  Epoch 194 [  80/109]  loss=0.0781  lr=1.63e-06  ema_tau=0.99999
  Epoch 194 [ 100/109]  loss=0.0443  lr=1.59e-06  ema_tau=0.99999

Epoch 194 done | avg_loss=0.0605 | time=93.4s
  Val loss: 0.0624
  Checkpoint saved → /scratch/va2661/data/active_matter/checkpoints/jepa/latest.pt

  Epoch 195 [   0/109]  loss=0.0584  lr=1.57e-06  ema_tau=0.99999
  Epoch 195 [  20/109]  loss=0.0554  lr=1.53e-06  ema_tau=0.99999
  Epoch 195 [  40/109]  loss=0.0574  lr=1.49e-06  ema_tau=0.99999
  Epoch 195 [  60/109]  loss=0.0773  lr=1.45e-06  ema_tau=1.00000
  Epoch 195 [  80/109]  loss=0.0449  lr=1.41e-06  ema_tau=1.00000
  Epoch 195 [ 100/109]  loss=0.0681  lr=1.38e-06  ema_tau=1.00000

Epoch 195 done | avg_loss=0.0603 | time=94.8s
  Collapse check — embed_std=0.0456  mean_cos_sim=0.5847
  Val loss: 0.0616
  Checkpoint saved → /scratch/va2661/data/active_matter/checkpoints/jepa/latest.pt

  Epoch 196 [   0/109]  loss=0.0644  lr=1.36e-06  ema_tau=1.00000
  Epoch 196 [  20/109]  loss=0.0719  lr=1.33e-06  ema_tau=1.00000
  Epoch 196 [  40/109]  loss=0.0737  lr=1.30e-06  ema_tau=1.00000
  Epoch 196 [  60/109]  loss=0.0534  lr=1.27e-06  ema_tau=1.00000
  Epoch 196 [  80/109]  loss=0.0590  lr=1.24e-06  ema_tau=1.00000
  Epoch 196 [ 100/109]  loss=0.0588  lr=1.22e-06  ema_tau=1.00000

Epoch 196 done | avg_loss=0.0604 | time=93.7s
  Val loss: 0.0621
  Checkpoint saved → /scratch/va2661/data/active_matter/checkpoints/jepa/latest.pt

  Epoch 197 [   0/109]  loss=0.0569  lr=1.20e-06  ema_tau=1.00000
  Epoch 197 [  20/109]  loss=0.0592  lr=1.18e-06  ema_tau=1.00000
  Epoch 197 [  40/109]  loss=0.0572  lr=1.16e-06  ema_tau=1.00000
  Epoch 197 [  60/109]  loss=0.0638  lr=1.14e-06  ema_tau=1.00000
  Epoch 197 [  80/109]  loss=0.0596  lr=1.12e-06  ema_tau=1.00000
  Epoch 197 [ 100/109]  loss=0.0682  lr=1.10e-06  ema_tau=1.00000

Epoch 197 done | avg_loss=0.0604 | time=93.2s
  Val loss: 0.0613
  Checkpoint saved → /scratch/va2661/data/active_matter/checkpoints/jepa/latest.pt
  Checkpoint saved → /scratch/va2661/data/active_matter/checkpoints/jepa/best.pt

  Epoch 198 [   0/109]  loss=0.0462  lr=1.09e-06  ema_tau=1.00000
  Epoch 198 [  20/109]  loss=0.0486  lr=1.08e-06  ema_tau=1.00000
  Epoch 198 [  40/109]  loss=0.0671  lr=1.06e-06  ema_tau=1.00000
  Epoch 198 [  60/109]  loss=0.0552  lr=1.05e-06  ema_tau=1.00000
  Epoch 198 [  80/109]  loss=0.0504  lr=1.04e-06  ema_tau=1.00000
  Epoch 198 [ 100/109]  loss=0.0633  lr=1.03e-06  ema_tau=1.00000

Epoch 198 done | avg_loss=0.0609 | time=93.4s
  Val loss: 0.0630
  Checkpoint saved → /scratch/va2661/data/active_matter/checkpoints/jepa/latest.pt

  Epoch 199 [   0/109]  loss=0.0698  lr=1.02e-06  ema_tau=1.00000
  Epoch 199 [  20/109]  loss=0.0557  lr=1.02e-06  ema_tau=1.00000
  Epoch 199 [  40/109]  loss=0.0615  lr=1.01e-06  ema_tau=1.00000
  Epoch 199 [  60/109]  loss=0.0596  lr=1.00e-06  ema_tau=1.00000
  Epoch 199 [  80/109]  loss=0.0623  lr=1.00e-06  ema_tau=1.00000
  Epoch 199 [ 100/109]  loss=0.0696  lr=1.00e-06  ema_tau=1.00000

Epoch 199 done | avg_loss=0.0605 | time=92.2s
  Val loss: 0.0619
  Checkpoint saved → /scratch/va2661/data/active_matter/checkpoints/jepa/latest.pt

Training complete.
End time : Thu Apr  9 17:38:11 EDT 2026
