Job ID     : 161695
Node       : b-19-75
Start time : Wed Apr  8 22:50:21 EDT 2026
Starting training...
Device: cuda
  GPU: NVIDIA A100-SXM4-40GB
Loaded channel stats from stats.yaml
  Raw stats keys: ['mean', 'mean_delta', 'rms', 'rms_delta', 'std', 'std_delta']
  mean: ['1.0000', '-0.0000', '0.0000', '0.5018', '-0.0062', '-0.0062', '0.4982', '0.0000', '0.0000', '0.0000', '-0.0000']
  std : ['0.0030', '0.5772', '0.5671', '0.3201', '0.3311', '0.3311', '0.3202', '0.4073', '0.4322', '0.4322', '0.4073']
Dataset sizes  — train: 175  val: 24  test: 26
Batches/epoch  — train: 21  val: 3

Model parameters: encoder=2.86M  predictor=0.64M  total=3.50M

Starting training from epoch 0 / 100

  Epoch 000 [   0/21]  loss=0.4383  lr=0.00e+00  ema_tau=0.99600
  Epoch 000 [  20/21]  loss=0.4069  lr=1.43e-05  ema_tau=0.99600

Epoch 000 done | avg_loss=0.4266 | time=19.0s
  Collapse check — embed_std=0.0233  mean_cos_sim=0.8927
  Val loss: 0.4028
  Checkpoint saved → /scratch/va2661/data/active_matter/checkpoints/jepa/latest.pt
  Checkpoint saved → /scratch/va2661/data/active_matter/checkpoints/jepa/epoch_0000.pt
  Checkpoint saved → /scratch/va2661/data/active_matter/checkpoints/jepa/best.pt

  Epoch 001 [   0/21]  loss=0.4053  lr=1.50e-05  ema_tau=0.99600
  Epoch 001 [  20/21]  loss=0.3837  lr=2.93e-05  ema_tau=0.99600

Epoch 001 done | avg_loss=0.3921 | time=20.6s
  Val loss: 0.3808
  Checkpoint saved → /scratch/va2661/data/active_matter/checkpoints/jepa/latest.pt
  Checkpoint saved → /scratch/va2661/data/active_matter/checkpoints/jepa/best.pt

  Epoch 002 [   0/21]  loss=0.3821  lr=3.00e-05  ema_tau=0.99600
  Epoch 002 [  20/21]  loss=0.3652  lr=4.43e-05  ema_tau=0.99601

Epoch 002 done | avg_loss=0.3721 | time=18.6s
  Val loss: 0.3609
  Checkpoint saved → /scratch/va2661/data/active_matter/checkpoints/jepa/latest.pt
  Checkpoint saved → /scratch/va2661/data/active_matter/checkpoints/jepa/best.pt

  Epoch 003 [   0/21]  loss=0.3647  lr=4.50e-05  ema_tau=0.99601
  Epoch 003 [  20/21]  loss=0.3460  lr=5.93e-05  ema_tau=0.99602

Epoch 003 done | avg_loss=0.3524 | time=20.6s
  Val loss: 0.3417
  Checkpoint saved → /scratch/va2661/data/active_matter/checkpoints/jepa/latest.pt
  Checkpoint saved → /scratch/va2661/data/active_matter/checkpoints/jepa/best.pt

  Epoch 004 [   0/21]  loss=0.3430  lr=6.00e-05  ema_tau=0.99602
  Epoch 004 [  20/21]  loss=0.3286  lr=7.43e-05  ema_tau=0.99602

Epoch 004 done | avg_loss=0.3329 | time=19.4s
  Val loss: 0.3222
  Checkpoint saved → /scratch/va2661/data/active_matter/checkpoints/jepa/latest.pt
  Checkpoint saved → /scratch/va2661/data/active_matter/checkpoints/jepa/best.pt

  Epoch 005 [   0/21]  loss=0.3236  lr=7.50e-05  ema_tau=0.99602
  Epoch 005 [  20/21]  loss=0.3101  lr=8.93e-05  ema_tau=0.99603

Epoch 005 done | avg_loss=0.3126 | time=20.3s
  Collapse check — embed_std=0.0168  mean_cos_sim=0.9417
  Val loss: 0.3041
  Checkpoint saved → /scratch/va2661/data/active_matter/checkpoints/jepa/latest.pt
  Checkpoint saved → /scratch/va2661/data/active_matter/checkpoints/jepa/best.pt

  Epoch 006 [   0/21]  loss=0.3044  lr=9.00e-05  ema_tau=0.99604
  Epoch 006 [  20/21]  loss=0.2776  lr=1.04e-04  ema_tau=0.99605

Epoch 006 done | avg_loss=0.2958 | time=19.6s
  Val loss: 0.2874
  Checkpoint saved → /scratch/va2661/data/active_matter/checkpoints/jepa/latest.pt
  Checkpoint saved → /scratch/va2661/data/active_matter/checkpoints/jepa/best.pt

  Epoch 007 [   0/21]  loss=0.2848  lr=1.05e-04  ema_tau=0.99605
  Epoch 007 [  20/21]  loss=0.2828  lr=1.19e-04  ema_tau=0.99606

Epoch 007 done | avg_loss=0.2775 | time=19.6s
  Val loss: 0.2706
  Checkpoint saved → /scratch/va2661/data/active_matter/checkpoints/jepa/latest.pt
  Checkpoint saved → /scratch/va2661/data/active_matter/checkpoints/jepa/best.pt

  Epoch 008 [   0/21]  loss=0.2797  lr=1.20e-04  ema_tau=0.99606
  Epoch 008 [  20/21]  loss=0.2621  lr=1.34e-04  ema_tau=0.99608

Epoch 008 done | avg_loss=0.2608 | time=18.6s
  Val loss: 0.2524
  Checkpoint saved → /scratch/va2661/data/active_matter/checkpoints/jepa/latest.pt
  Checkpoint saved → /scratch/va2661/data/active_matter/checkpoints/jepa/best.pt

  Epoch 009 [   0/21]  loss=0.2476  lr=1.35e-04  ema_tau=0.99608
  Epoch 009 [  20/21]  loss=0.2322  lr=1.49e-04  ema_tau=0.99610

Epoch 009 done | avg_loss=0.2455 | time=19.1s
  Val loss: 0.2342
  Checkpoint saved → /scratch/va2661/data/active_matter/checkpoints/jepa/latest.pt
  Checkpoint saved → /scratch/va2661/data/active_matter/checkpoints/jepa/best.pt

  Epoch 010 [   0/21]  loss=0.2341  lr=1.50e-04  ema_tau=0.99610
  Epoch 010 [  20/21]  loss=0.2302  lr=1.50e-04  ema_tau=0.99612

Epoch 010 done | avg_loss=0.2309 | time=19.0s
  Collapse check — embed_std=0.0142  mean_cos_sim=0.9621
  Val loss: 0.2194
  Checkpoint saved → /scratch/va2661/data/active_matter/checkpoints/jepa/latest.pt
  Checkpoint saved → /scratch/va2661/data/active_matter/checkpoints/jepa/epoch_0010.pt
  Checkpoint saved → /scratch/va2661/data/active_matter/checkpoints/jepa/best.pt

  Epoch 011 [   0/21]  loss=0.2299  lr=1.50e-04  ema_tau=0.99612
  Epoch 011 [  20/21]  loss=0.2031  lr=1.50e-04  ema_tau=0.99614

Epoch 011 done | avg_loss=0.2145 | time=18.2s
  Val loss: 0.2069
  Checkpoint saved → /scratch/va2661/data/active_matter/checkpoints/jepa/latest.pt
  Checkpoint saved → /scratch/va2661/data/active_matter/checkpoints/jepa/best.pt

  Epoch 012 [   0/21]  loss=0.2216  lr=1.50e-04  ema_tau=0.99614
  Epoch 012 [  20/21]  loss=0.1965  lr=1.50e-04  ema_tau=0.99616

Epoch 012 done | avg_loss=0.2058 | time=18.9s
  Val loss: 0.1934
  Checkpoint saved → /scratch/va2661/data/active_matter/checkpoints/jepa/latest.pt
  Checkpoint saved → /scratch/va2661/data/active_matter/checkpoints/jepa/best.pt

  Epoch 013 [   0/21]  loss=0.2066  lr=1.50e-04  ema_tau=0.99616
  Epoch 013 [  20/21]  loss=0.1919  lr=1.49e-04  ema_tau=0.99619

Epoch 013 done | avg_loss=0.1912 | time=19.0s
  Val loss: 0.1869
  Checkpoint saved → /scratch/va2661/data/active_matter/checkpoints/jepa/latest.pt
  Checkpoint saved → /scratch/va2661/data/active_matter/checkpoints/jepa/best.pt

  Epoch 014 [   0/21]  loss=0.1795  lr=1.49e-04  ema_tau=0.99619
  Epoch 014 [  20/21]  loss=0.1860  lr=1.49e-04  ema_tau=0.99622

Epoch 014 done | avg_loss=0.1823 | time=19.1s
  Val loss: 0.1725
  Checkpoint saved → /scratch/va2661/data/active_matter/checkpoints/jepa/latest.pt
  Checkpoint saved → /scratch/va2661/data/active_matter/checkpoints/jepa/best.pt

  Epoch 015 [   0/21]  loss=0.2002  lr=1.49e-04  ema_tau=0.99622
  Epoch 015 [  20/21]  loss=0.1674  lr=1.48e-04  ema_tau=0.99625

Epoch 015 done | avg_loss=0.1746 | time=18.8s
  Collapse check — embed_std=0.0130  mean_cos_sim=0.9648
  Val loss: 0.1672
  Checkpoint saved → /scratch/va2661/data/active_matter/checkpoints/jepa/latest.pt
  Checkpoint saved → /scratch/va2661/data/active_matter/checkpoints/jepa/best.pt

  Epoch 016 [   0/21]  loss=0.1594  lr=1.48e-04  ema_tau=0.99625
  Epoch 016 [  20/21]  loss=0.1616  lr=1.48e-04  ema_tau=0.99628

Epoch 016 done | avg_loss=0.1656 | time=18.8s
  Val loss: 0.1574
  Checkpoint saved → /scratch/va2661/data/active_matter/checkpoints/jepa/latest.pt
  Checkpoint saved → /scratch/va2661/data/active_matter/checkpoints/jepa/best.pt

  Epoch 017 [   0/21]  loss=0.1347  lr=1.48e-04  ema_tau=0.99628
  Epoch 017 [  20/21]  loss=0.1791  lr=1.47e-04  ema_tau=0.99631

Epoch 017 done | avg_loss=0.1571 | time=18.8s
  Val loss: 0.1484
  Checkpoint saved → /scratch/va2661/data/active_matter/checkpoints/jepa/latest.pt
  Checkpoint saved → /scratch/va2661/data/active_matter/checkpoints/jepa/best.pt

  Epoch 018 [   0/21]  loss=0.1512  lr=1.47e-04  ema_tau=0.99631
  Epoch 018 [  20/21]  loss=0.1367  lr=1.46e-04  ema_tau=0.99634

Epoch 018 done | avg_loss=0.1518 | time=18.7s
  Val loss: 0.1431
  Checkpoint saved → /scratch/va2661/data/active_matter/checkpoints/jepa/latest.pt
  Checkpoint saved → /scratch/va2661/data/active_matter/checkpoints/jepa/best.pt

  Epoch 019 [   0/21]  loss=0.1466  lr=1.46e-04  ema_tau=0.99635
  Epoch 019 [  20/21]  loss=0.1347  lr=1.46e-04  ema_tau=0.99638

Epoch 019 done | avg_loss=0.1465 | time=18.5s
  Val loss: 0.1417
  Checkpoint saved → /scratch/va2661/data/active_matter/checkpoints/jepa/latest.pt
  Checkpoint saved → /scratch/va2661/data/active_matter/checkpoints/jepa/best.pt

  Epoch 020 [   0/21]  loss=0.1305  lr=1.46e-04  ema_tau=0.99638
  Epoch 020 [  20/21]  loss=0.1268  lr=1.45e-04  ema_tau=0.99642

Epoch 020 done | avg_loss=0.1406 | time=18.2s
  Collapse check — embed_std=0.0154  mean_cos_sim=0.9451
  Val loss: 0.1307
  Checkpoint saved → /scratch/va2661/data/active_matter/checkpoints/jepa/latest.pt
  Checkpoint saved → /scratch/va2661/data/active_matter/checkpoints/jepa/epoch_0020.pt
  Checkpoint saved → /scratch/va2661/data/active_matter/checkpoints/jepa/best.pt

  Epoch 021 [   0/21]  loss=0.1352  lr=1.45e-04  ema_tau=0.99642
  Epoch 021 [  20/21]  loss=0.1159  lr=1.44e-04  ema_tau=0.99646

Epoch 021 done | avg_loss=0.1361 | time=26.4s
  Val loss: 0.1344
  Checkpoint saved → /scratch/va2661/data/active_matter/checkpoints/jepa/latest.pt

  Epoch 022 [   0/21]  loss=0.1132  lr=1.44e-04  ema_tau=0.99646
  Epoch 022 [  20/21]  loss=0.1183  lr=1.43e-04  ema_tau=0.99650

Epoch 022 done | avg_loss=0.1327 | time=19.8s
  Val loss: 0.1323
  Checkpoint saved → /scratch/va2661/data/active_matter/checkpoints/jepa/latest.pt

  Epoch 023 [   0/21]  loss=0.1168  lr=1.42e-04  ema_tau=0.99650
  Epoch 023 [  20/21]  loss=0.1451  lr=1.41e-04  ema_tau=0.99654

Epoch 023 done | avg_loss=0.1322 | time=28.6s
  Val loss: 0.1270
  Checkpoint saved → /scratch/va2661/data/active_matter/checkpoints/jepa/latest.pt
  Checkpoint saved → /scratch/va2661/data/active_matter/checkpoints/jepa/best.pt

  Epoch 024 [   0/21]  loss=0.1643  lr=1.41e-04  ema_tau=0.99654
  Epoch 024 [  20/21]  loss=0.1226  lr=1.40e-04  ema_tau=0.99658

Epoch 024 done | avg_loss=0.1284 | time=20.0s
  Val loss: 0.1251
  Checkpoint saved → /scratch/va2661/data/active_matter/checkpoints/jepa/latest.pt
  Checkpoint saved → /scratch/va2661/data/active_matter/checkpoints/jepa/best.pt

  Epoch 025 [   0/21]  loss=0.1309  lr=1.40e-04  ema_tau=0.99659
  Epoch 025 [  20/21]  loss=0.1311  lr=1.39e-04  ema_tau=0.99663

Epoch 025 done | avg_loss=0.1332 | time=19.9s
  Collapse check — embed_std=0.0192  mean_cos_sim=0.9265
  Val loss: 0.1276
  Checkpoint saved → /scratch/va2661/data/active_matter/checkpoints/jepa/latest.pt

  Epoch 026 [   0/21]  loss=0.1111  lr=1.39e-04  ema_tau=0.99663
  Epoch 026 [  20/21]  loss=0.1274  lr=1.37e-04  ema_tau=0.99668

Epoch 026 done | avg_loss=0.1272 | time=21.7s
  Val loss: 0.1249
  Checkpoint saved → /scratch/va2661/data/active_matter/checkpoints/jepa/latest.pt
  Checkpoint saved → /scratch/va2661/data/active_matter/checkpoints/jepa/best.pt

  Epoch 027 [   0/21]  loss=0.1396  lr=1.37e-04  ema_tau=0.99668
  Epoch 027 [  20/21]  loss=0.1374  lr=1.36e-04  ema_tau=0.99672

Epoch 027 done | avg_loss=0.1306 | time=20.3s
  Val loss: 0.1276
  Checkpoint saved → /scratch/va2661/data/active_matter/checkpoints/jepa/latest.pt

  Epoch 028 [   0/21]  loss=0.1255  lr=1.36e-04  ema_tau=0.99673
  Epoch 028 [  20/21]  loss=0.0959  lr=1.34e-04  ema_tau=0.99677

Epoch 028 done | avg_loss=0.1329 | time=19.1s
  Val loss: 0.1314
  Checkpoint saved → /scratch/va2661/data/active_matter/checkpoints/jepa/latest.pt

  Epoch 029 [   0/21]  loss=0.1290  lr=1.34e-04  ema_tau=0.99677
  Epoch 029 [  20/21]  loss=0.1217  lr=1.33e-04  ema_tau=0.99682

Epoch 029 done | avg_loss=0.1324 | time=18.5s
  Val loss: 0.1317
  Checkpoint saved → /scratch/va2661/data/active_matter/checkpoints/jepa/latest.pt

  Epoch 030 [   0/21]  loss=0.1282  lr=1.33e-04  ema_tau=0.99682
  Epoch 030 [  20/21]  loss=0.1269  lr=1.31e-04  ema_tau=0.99687

Epoch 030 done | avg_loss=0.1322 | time=18.3s
  Collapse check — embed_std=0.0218  mean_cos_sim=0.9056
  Val loss: 0.1334
  Checkpoint saved → /scratch/va2661/data/active_matter/checkpoints/jepa/latest.pt
  Checkpoint saved → /scratch/va2661/data/active_matter/checkpoints/jepa/epoch_0030.pt

  Epoch 031 [   0/21]  loss=0.1480  lr=1.31e-04  ema_tau=0.99688
  Epoch 031 [  20/21]  loss=0.1297  lr=1.29e-04  ema_tau=0.99693

Epoch 031 done | avg_loss=0.1373 | time=19.4s
  Val loss: 0.1315
  Checkpoint saved → /scratch/va2661/data/active_matter/checkpoints/jepa/latest.pt

  Epoch 032 [   0/21]  loss=0.1174  lr=1.29e-04  ema_tau=0.99693
  Epoch 032 [  20/21]  loss=0.1307  lr=1.27e-04  ema_tau=0.99698

Epoch 032 done | avg_loss=0.1373 | time=18.4s
  Val loss: 0.1324
  Checkpoint saved → /scratch/va2661/data/active_matter/checkpoints/jepa/latest.pt

  Epoch 033 [   0/21]  loss=0.1375  lr=1.27e-04  ema_tau=0.99698
  Epoch 033 [  20/21]  loss=0.1483  lr=1.25e-04  ema_tau=0.99703

Epoch 033 done | avg_loss=0.1371 | time=18.6s
  Val loss: 0.1353
  Checkpoint saved → /scratch/va2661/data/active_matter/checkpoints/jepa/latest.pt

  Epoch 034 [   0/21]  loss=0.1247  lr=1.25e-04  ema_tau=0.99704
  Epoch 034 [  20/21]  loss=0.1122  lr=1.23e-04  ema_tau=0.99709

Epoch 034 done | avg_loss=0.1373 | time=20.8s
  Val loss: 0.1405
  Checkpoint saved → /scratch/va2661/data/active_matter/checkpoints/jepa/latest.pt

  Epoch 035 [   0/21]  loss=0.1727  lr=1.23e-04  ema_tau=0.99709
  Epoch 035 [  20/21]  loss=0.1523  lr=1.21e-04  ema_tau=0.99715

Epoch 035 done | avg_loss=0.1402 | time=21.5s
  Collapse check — embed_std=0.0254  mean_cos_sim=0.8524
  Val loss: 0.1399
  Checkpoint saved → /scratch/va2661/data/active_matter/checkpoints/jepa/latest.pt

  Epoch 036 [   0/21]  loss=0.1263  lr=1.21e-04  ema_tau=0.99715
  Epoch 036 [  20/21]  loss=0.1361  lr=1.19e-04  ema_tau=0.99720

Epoch 036 done | avg_loss=0.1422 | time=20.9s
  Val loss: 0.1423
  Checkpoint saved → /scratch/va2661/data/active_matter/checkpoints/jepa/latest.pt

  Epoch 037 [   0/21]  loss=0.1369  lr=1.19e-04  ema_tau=0.99721
  Epoch 037 [  20/21]  loss=0.1639  lr=1.17e-04  ema_tau=0.99726

Epoch 037 done | avg_loss=0.1438 | time=19.4s
  Val loss: 0.1416
  Checkpoint saved → /scratch/va2661/data/active_matter/checkpoints/jepa/latest.pt

  Epoch 038 [   0/21]  loss=0.1377  lr=1.17e-04  ema_tau=0.99726
  Epoch 038 [  20/21]  loss=0.1746  lr=1.15e-04  ema_tau=0.99732

Epoch 038 done | avg_loss=0.1453 | time=19.5s
  Val loss: 0.1417
  Checkpoint saved → /scratch/va2661/data/active_matter/checkpoints/jepa/latest.pt

  Epoch 039 [   0/21]  loss=0.1308  lr=1.15e-04  ema_tau=0.99732
  Epoch 039 [  20/21]  loss=0.1590  lr=1.13e-04  ema_tau=0.99738

Epoch 039 done | avg_loss=0.1477 | time=19.2s
  Val loss: 0.1472
  Checkpoint saved → /scratch/va2661/data/active_matter/checkpoints/jepa/latest.pt

  Epoch 040 [   0/21]  loss=0.1745  lr=1.13e-04  ema_tau=0.99738
  Epoch 040 [  20/21]  loss=0.1343  lr=1.11e-04  ema_tau=0.99744

Epoch 040 done | avg_loss=0.1467 | time=19.2s
  Collapse check — embed_std=0.0287  mean_cos_sim=0.8072
  Val loss: 0.1482
  Checkpoint saved → /scratch/va2661/data/active_matter/checkpoints/jepa/latest.pt
  Checkpoint saved → /scratch/va2661/data/active_matter/checkpoints/jepa/epoch_0040.pt

  Epoch 041 [   0/21]  loss=0.1186  lr=1.10e-04  ema_tau=0.99744
  Epoch 041 [  20/21]  loss=0.1762  lr=1.08e-04  ema_tau=0.99750

Epoch 041 done | avg_loss=0.1494 | time=18.8s
  Val loss: 0.1504
  Checkpoint saved → /scratch/va2661/data/active_matter/checkpoints/jepa/latest.pt

  Epoch 042 [   0/21]  loss=0.1378  lr=1.08e-04  ema_tau=0.99750
  Epoch 042 [  20/21]  loss=0.1541  lr=1.06e-04  ema_tau=0.99756

Epoch 042 done | avg_loss=0.1491 | time=18.8s
  Val loss: 0.1565
  Checkpoint saved → /scratch/va2661/data/active_matter/checkpoints/jepa/latest.pt

  Epoch 043 [   0/21]  loss=0.1626  lr=1.06e-04  ema_tau=0.99756
  Epoch 043 [  20/21]  loss=0.1698  lr=1.04e-04  ema_tau=0.99762

Epoch 043 done | avg_loss=0.1538 | time=19.2s
  Val loss: 0.1547
  Checkpoint saved → /scratch/va2661/data/active_matter/checkpoints/jepa/latest.pt

  Epoch 044 [   0/21]  loss=0.1704  lr=1.03e-04  ema_tau=0.99763
  Epoch 044 [  20/21]  loss=0.1422  lr=1.01e-04  ema_tau=0.99768

Epoch 044 done | avg_loss=0.1530 | time=19.5s
  Val loss: 0.1584
  Checkpoint saved → /scratch/va2661/data/active_matter/checkpoints/jepa/latest.pt

  Epoch 045 [   0/21]  loss=0.1511  lr=1.01e-04  ema_tau=0.99769
  Epoch 045 [  20/21]  loss=0.1726  lr=9.86e-05  ema_tau=0.99775

Epoch 045 done | avg_loss=0.1560 | time=19.3s
  Collapse check — embed_std=0.0289  mean_cos_sim=0.8551
  Val loss: 0.1594
  Checkpoint saved → /scratch/va2661/data/active_matter/checkpoints/jepa/latest.pt

  Epoch 046 [   0/21]  loss=0.1700  lr=9.85e-05  ema_tau=0.99775
  Epoch 046 [  20/21]  loss=0.1620  lr=9.62e-05  ema_tau=0.99781

Epoch 046 done | avg_loss=0.1588 | time=20.1s
  Val loss: 0.1640
  Checkpoint saved → /scratch/va2661/data/active_matter/checkpoints/jepa/latest.pt

  Epoch 047 [   0/21]  loss=0.1831  lr=9.60e-05  ema_tau=0.99781
  Epoch 047 [  20/21]  loss=0.1551  lr=9.36e-05  ema_tau=0.99787

Epoch 047 done | avg_loss=0.1560 | time=19.1s
  Val loss: 0.1607
  Checkpoint saved → /scratch/va2661/data/active_matter/checkpoints/jepa/latest.pt

  Epoch 048 [   0/21]  loss=0.1556  lr=9.35e-05  ema_tau=0.99787
  Epoch 048 [  20/21]  loss=0.1525  lr=9.11e-05  ema_tau=0.99793

Epoch 048 done | avg_loss=0.1556 | time=18.6s
  Val loss: 0.1679
  Checkpoint saved → /scratch/va2661/data/active_matter/checkpoints/jepa/latest.pt

  Epoch 049 [   0/21]  loss=0.1840  lr=9.10e-05  ema_tau=0.99794
  Epoch 049 [  20/21]  loss=0.1581  lr=8.86e-05  ema_tau=0.99800

Epoch 049 done | avg_loss=0.1602 | time=18.6s
  Val loss: 0.1633
  Checkpoint saved → /scratch/va2661/data/active_matter/checkpoints/jepa/latest.pt

  Epoch 050 [   0/21]  loss=0.1666  lr=8.84e-05  ema_tau=0.99800
  Epoch 050 [  20/21]  loss=0.1702  lr=8.60e-05  ema_tau=0.99806

Epoch 050 done | avg_loss=0.1624 | time=17.9s
  Collapse check — embed_std=0.0333  mean_cos_sim=0.7569
  Val loss: 0.1672
  Checkpoint saved → /scratch/va2661/data/active_matter/checkpoints/jepa/latest.pt
  Checkpoint saved → /scratch/va2661/data/active_matter/checkpoints/jepa/epoch_0050.pt

  Epoch 051 [   0/21]  loss=0.2023  lr=8.59e-05  ema_tau=0.99806
  Epoch 051 [  20/21]  loss=0.1378  lr=8.34e-05  ema_tau=0.99812

Epoch 051 done | avg_loss=0.1624 | time=18.4s
  Val loss: 0.1728
  Checkpoint saved → /scratch/va2661/data/active_matter/checkpoints/jepa/latest.pt

  Epoch 052 [   0/21]  loss=0.1547  lr=8.33e-05  ema_tau=0.99813
  Epoch 052 [  20/21]  loss=0.1837  lr=8.08e-05  ema_tau=0.99819

Epoch 052 done | avg_loss=0.1599 | time=18.3s
  Val loss: 0.1729
  Checkpoint saved → /scratch/va2661/data/active_matter/checkpoints/jepa/latest.pt

  Epoch 053 [   0/21]  loss=0.1570  lr=8.07e-05  ema_tau=0.99819
  Epoch 053 [  20/21]  loss=0.1860  lr=7.82e-05  ema_tau=0.99825

Epoch 053 done | avg_loss=0.1648 | time=18.4s
  Val loss: 0.1729
  Checkpoint saved → /scratch/va2661/data/active_matter/checkpoints/jepa/latest.pt

  Epoch 054 [   0/21]  loss=0.1713  lr=7.81e-05  ema_tau=0.99825
  Epoch 054 [  20/21]  loss=0.1879  lr=7.56e-05  ema_tau=0.99831

Epoch 054 done | avg_loss=0.1670 | time=18.8s
  Val loss: 0.1721
  Checkpoint saved → /scratch/va2661/data/active_matter/checkpoints/jepa/latest.pt

  Epoch 055 [   0/21]  loss=0.1583  lr=7.55e-05  ema_tau=0.99831
  Epoch 055 [  20/21]  loss=0.1622  lr=7.30e-05  ema_tau=0.99837

Epoch 055 done | avg_loss=0.1661 | time=18.2s
  Collapse check — embed_std=0.0336  mean_cos_sim=0.7661
  Val loss: 0.1720
  Checkpoint saved → /scratch/va2661/data/active_matter/checkpoints/jepa/latest.pt

  Epoch 056 [   0/21]  loss=0.1608  lr=7.29e-05  ema_tau=0.99837
  Epoch 056 [  20/21]  loss=0.1389  lr=7.04e-05  ema_tau=0.99843

Epoch 056 done | avg_loss=0.1698 | time=18.8s
  Val loss: 0.1749
  Checkpoint saved → /scratch/va2661/data/active_matter/checkpoints/jepa/latest.pt

  Epoch 057 [   0/21]  loss=0.1846  lr=7.03e-05  ema_tau=0.99844
  Epoch 057 [  20/21]  loss=0.1808  lr=6.78e-05  ema_tau=0.99849

Epoch 057 done | avg_loss=0.1721 | time=18.2s
  Val loss: 0.1745
  Checkpoint saved → /scratch/va2661/data/active_matter/checkpoints/jepa/latest.pt

  Epoch 058 [   0/21]  loss=0.1647  lr=6.77e-05  ema_tau=0.99850
  Epoch 058 [  20/21]  loss=0.1631  lr=6.53e-05  ema_tau=0.99856

Epoch 058 done | avg_loss=0.1698 | time=18.3s
  Val loss: 0.1763
  Checkpoint saved → /scratch/va2661/data/active_matter/checkpoints/jepa/latest.pt

  Epoch 059 [   0/21]  loss=0.1728  lr=6.51e-05  ema_tau=0.99856
  Epoch 059 [  20/21]  loss=0.1354  lr=6.27e-05  ema_tau=0.99862

Epoch 059 done | avg_loss=0.1703 | time=18.4s
  Val loss: 0.1782
  Checkpoint saved → /scratch/va2661/data/active_matter/checkpoints/jepa/latest.pt

  Epoch 060 [   0/21]  loss=0.1733  lr=6.26e-05  ema_tau=0.99862
  Epoch 060 [  20/21]  loss=0.1275  lr=6.01e-05  ema_tau=0.99867

Epoch 060 done | avg_loss=0.1689 | time=18.1s
  Collapse check — embed_std=0.0344  mean_cos_sim=0.7320
  Val loss: 0.1782
  Checkpoint saved → /scratch/va2661/data/active_matter/checkpoints/jepa/latest.pt
  Checkpoint saved → /scratch/va2661/data/active_matter/checkpoints/jepa/epoch_0060.pt

  Epoch 061 [   0/21]  loss=0.1543  lr=6.00e-05  ema_tau=0.99868
  Epoch 061 [  20/21]  loss=0.1695  lr=5.76e-05  ema_tau=0.99873

Epoch 061 done | avg_loss=0.1729 | time=18.0s
  Val loss: 0.1819
  Checkpoint saved → /scratch/va2661/data/active_matter/checkpoints/jepa/latest.pt

  Epoch 062 [   0/21]  loss=0.1551  lr=5.75e-05  ema_tau=0.99874
  Epoch 062 [  20/21]  loss=0.1440  lr=5.51e-05  ema_tau=0.99879

Epoch 062 done | avg_loss=0.1742 | time=18.1s
  Val loss: 0.1818
  Checkpoint saved → /scratch/va2661/data/active_matter/checkpoints/jepa/latest.pt

  Epoch 063 [   0/21]  loss=0.1246  lr=5.50e-05  ema_tau=0.99879
  Epoch 063 [  20/21]  loss=0.1735  lr=5.26e-05  ema_tau=0.99885

Epoch 063 done | avg_loss=0.1702 | time=18.1s
  Val loss: 0.1782
  Checkpoint saved → /scratch/va2661/data/active_matter/checkpoints/jepa/latest.pt

  Epoch 064 [   0/21]  loss=0.1581  lr=5.25e-05  ema_tau=0.99885
  Epoch 064 [  20/21]  loss=0.1303  lr=5.01e-05  ema_tau=0.99891

Epoch 064 done | avg_loss=0.1734 | time=18.3s
  Val loss: 0.1813
  Checkpoint saved → /scratch/va2661/data/active_matter/checkpoints/jepa/latest.pt

  Epoch 065 [   0/21]  loss=0.1891  lr=5.00e-05  ema_tau=0.99891
  Epoch 065 [  20/21]  loss=0.1416  lr=4.77e-05  ema_tau=0.99896

Epoch 065 done | avg_loss=0.1744 | time=17.6s
  Collapse check — embed_std=0.0350  mean_cos_sim=0.7865
  Val loss: 0.1805
  Checkpoint saved → /scratch/va2661/data/active_matter/checkpoints/jepa/latest.pt

  Epoch 066 [   0/21]  loss=0.1567  lr=4.76e-05  ema_tau=0.99896
  Epoch 066 [  20/21]  loss=0.1656  lr=4.53e-05  ema_tau=0.99902

Epoch 066 done | avg_loss=0.1745 | time=18.1s
  Val loss: 0.1844
  Checkpoint saved → /scratch/va2661/data/active_matter/checkpoints/jepa/latest.pt

  Epoch 067 [   0/21]  loss=0.1860  lr=4.52e-05  ema_tau=0.99902
  Epoch 067 [  20/21]  loss=0.1896  lr=4.30e-05  ema_tau=0.99907

Epoch 067 done | avg_loss=0.1783 | time=18.5s
  Val loss: 0.1845
  Checkpoint saved → /scratch/va2661/data/active_matter/checkpoints/jepa/latest.pt

  Epoch 068 [   0/21]  loss=0.1641  lr=4.28e-05  ema_tau=0.99907
  Epoch 068 [  20/21]  loss=0.1892  lr=4.06e-05  ema_tau=0.99912

Epoch 068 done | avg_loss=0.1772 | time=18.0s
  Val loss: 0.1881
  Checkpoint saved → /scratch/va2661/data/active_matter/checkpoints/jepa/latest.pt

  Epoch 069 [   0/21]  loss=0.2072  lr=4.05e-05  ema_tau=0.99912
  Epoch 069 [  20/21]  loss=0.1568  lr=3.84e-05  ema_tau=0.99917

Epoch 069 done | avg_loss=0.1779 | time=18.4s
  Val loss: 0.1824
  Checkpoint saved → /scratch/va2661/data/active_matter/checkpoints/jepa/latest.pt

  Epoch 070 [   0/21]  loss=0.2014  lr=3.83e-05  ema_tau=0.99918
  Epoch 070 [  20/21]  loss=0.1895  lr=3.61e-05  ema_tau=0.99922

Epoch 070 done | avg_loss=0.1771 | time=18.3s
  Collapse check — embed_std=0.0356  mean_cos_sim=0.7382
  Val loss: 0.1900
  Checkpoint saved → /scratch/va2661/data/active_matter/checkpoints/jepa/latest.pt
  Checkpoint saved → /scratch/va2661/data/active_matter/checkpoints/jepa/epoch_0070.pt

  Epoch 071 [   0/21]  loss=0.1799  lr=3.60e-05  ema_tau=0.99923
  Epoch 071 [  20/21]  loss=0.1560  lr=3.39e-05  ema_tau=0.99927

Epoch 071 done | avg_loss=0.1770 | time=18.2s
  Val loss: 0.1875
  Checkpoint saved → /scratch/va2661/data/active_matter/checkpoints/jepa/latest.pt

  Epoch 072 [   0/21]  loss=0.1901  lr=3.38e-05  ema_tau=0.99927
  Epoch 072 [  20/21]  loss=0.1650  lr=3.18e-05  ema_tau=0.99932

Epoch 072 done | avg_loss=0.1805 | time=17.8s
  Val loss: 0.1865
  Checkpoint saved → /scratch/va2661/data/active_matter/checkpoints/jepa/latest.pt

  Epoch 073 [   0/21]  loss=0.1730  lr=3.17e-05  ema_tau=0.99932
  Epoch 073 [  20/21]  loss=0.2050  lr=2.97e-05  ema_tau=0.99937

Epoch 073 done | avg_loss=0.1787 | time=18.5s
  Val loss: 0.1862
  Checkpoint saved → /scratch/va2661/data/active_matter/checkpoints/jepa/latest.pt

  Epoch 074 [   0/21]  loss=0.1929  lr=2.96e-05  ema_tau=0.99937
  Epoch 074 [  20/21]  loss=0.1573  lr=2.77e-05  ema_tau=0.99941

Epoch 074 done | avg_loss=0.1778 | time=18.3s
  Val loss: 0.1885
  Checkpoint saved → /scratch/va2661/data/active_matter/checkpoints/jepa/latest.pt

  Epoch 075 [   0/21]  loss=0.1923  lr=2.76e-05  ema_tau=0.99941
  Epoch 075 [  20/21]  loss=0.1669  lr=2.57e-05  ema_tau=0.99946

Epoch 075 done | avg_loss=0.1819 | time=18.3s
  Collapse check — embed_std=0.0355  mean_cos_sim=0.7494
  Val loss: 0.1879
  Checkpoint saved → /scratch/va2661/data/active_matter/checkpoints/jepa/latest.pt

  Epoch 076 [   0/21]  loss=0.1652  lr=2.56e-05  ema_tau=0.99946
  Epoch 076 [  20/21]  loss=0.1535  lr=2.38e-05  ema_tau=0.99950

Epoch 076 done | avg_loss=0.1806 | time=18.3s
  Val loss: 0.1901
  Checkpoint saved → /scratch/va2661/data/active_matter/checkpoints/jepa/latest.pt

  Epoch 077 [   0/21]  loss=0.2274  lr=2.37e-05  ema_tau=0.99950
  Epoch 077 [  20/21]  loss=0.1749  lr=2.20e-05  ema_tau=0.99954

Epoch 077 done | avg_loss=0.1781 | time=17.8s
  Val loss: 0.1866
  Checkpoint saved → /scratch/va2661/data/active_matter/checkpoints/jepa/latest.pt

  Epoch 078 [   0/21]  loss=0.1798  lr=2.19e-05  ema_tau=0.99954
  Epoch 078 [  20/21]  loss=0.1960  lr=2.02e-05  ema_tau=0.99958

Epoch 078 done | avg_loss=0.1792 | time=18.9s
  Val loss: 0.1892
  Checkpoint saved → /scratch/va2661/data/active_matter/checkpoints/jepa/latest.pt

  Epoch 079 [   0/21]  loss=0.1901  lr=2.01e-05  ema_tau=0.99958
  Epoch 079 [  20/21]  loss=0.1512  lr=1.85e-05  ema_tau=0.99962

Epoch 079 done | avg_loss=0.1809 | time=18.8s
  Val loss: 0.1873
  Checkpoint saved → /scratch/va2661/data/active_matter/checkpoints/jepa/latest.pt

  Epoch 080 [   0/21]  loss=0.1612  lr=1.84e-05  ema_tau=0.99962
  Epoch 080 [  20/21]  loss=0.1871  lr=1.69e-05  ema_tau=0.99965

Epoch 080 done | avg_loss=0.1829 | time=19.0s
  Collapse check — embed_std=0.0351  mean_cos_sim=0.7524
  Val loss: 0.1861
  Checkpoint saved → /scratch/va2661/data/active_matter/checkpoints/jepa/latest.pt
  Checkpoint saved → /scratch/va2661/data/active_matter/checkpoints/jepa/epoch_0080.pt

  Epoch 081 [   0/21]  loss=0.1518  lr=1.68e-05  ema_tau=0.99965
  Epoch 081 [  20/21]  loss=0.1635  lr=1.53e-05  ema_tau=0.99969

Epoch 081 done | avg_loss=0.1788 | time=20.1s
  Val loss: 0.1872
  Checkpoint saved → /scratch/va2661/data/active_matter/checkpoints/jepa/latest.pt

  Epoch 082 [   0/21]  loss=0.1862  lr=1.52e-05  ema_tau=0.99969
  Epoch 082 [  20/21]  loss=0.1967  lr=1.38e-05  ema_tau=0.99972

Epoch 082 done | avg_loss=0.1782 | time=20.0s
  Val loss: 0.1886
  Checkpoint saved → /scratch/va2661/data/active_matter/checkpoints/jepa/latest.pt

  Epoch 083 [   0/21]  loss=0.2022  lr=1.37e-05  ema_tau=0.99972
  Epoch 083 [  20/21]  loss=0.1821  lr=1.24e-05  ema_tau=0.99975

Epoch 083 done | avg_loss=0.1818 | time=19.4s
  Val loss: 0.1877
  Checkpoint saved → /scratch/va2661/data/active_matter/checkpoints/jepa/latest.pt

  Epoch 084 [   0/21]  loss=0.1527  lr=1.23e-05  ema_tau=0.99975
  Epoch 084 [  20/21]  loss=0.1702  lr=1.10e-05  ema_tau=0.99978

Epoch 084 done | avg_loss=0.1813 | time=19.8s
  Val loss: 0.1886
  Checkpoint saved → /scratch/va2661/data/active_matter/checkpoints/jepa/latest.pt

  Epoch 085 [   0/21]  loss=0.1999  lr=1.10e-05  ema_tau=0.99978
  Epoch 085 [  20/21]  loss=0.1618  lr=9.78e-06  ema_tau=0.99981

Epoch 085 done | avg_loss=0.1815 | time=18.3s
  Collapse check — embed_std=0.0354  mean_cos_sim=0.7141
  Val loss: 0.1882
  Checkpoint saved → /scratch/va2661/data/active_matter/checkpoints/jepa/latest.pt

  Epoch 086 [   0/21]  loss=0.1875  lr=9.72e-06  ema_tau=0.99981
  Epoch 086 [  20/21]  loss=0.1817  lr=8.59e-06  ema_tau=0.99983

Epoch 086 done | avg_loss=0.1817 | time=18.5s
  Val loss: 0.1862
  Checkpoint saved → /scratch/va2661/data/active_matter/checkpoints/jepa/latest.pt

  Epoch 087 [   0/21]  loss=0.1817  lr=8.54e-06  ema_tau=0.99984
  Epoch 087 [  20/21]  loss=0.1795  lr=7.49e-06  ema_tau=0.99986

Epoch 087 done | avg_loss=0.1858 | time=17.9s
  Val loss: 0.1896
  Checkpoint saved → /scratch/va2661/data/active_matter/checkpoints/jepa/latest.pt

  Epoch 088 [   0/21]  loss=0.1516  lr=7.44e-06  ema_tau=0.99986
  Epoch 088 [  20/21]  loss=0.1711  lr=6.47e-06  ema_tau=0.99988

Epoch 088 done | avg_loss=0.1772 | time=17.8s
  Val loss: 0.1886
  Checkpoint saved → /scratch/va2661/data/active_matter/checkpoints/jepa/latest.pt

  Epoch 089 [   0/21]  loss=0.2062  lr=6.42e-06  ema_tau=0.99988
  Epoch 089 [  20/21]  loss=0.1531  lr=5.54e-06  ema_tau=0.99990

Epoch 089 done | avg_loss=0.1820 | time=17.7s
  Val loss: 0.1867
  Checkpoint saved → /scratch/va2661/data/active_matter/checkpoints/jepa/latest.pt

  Epoch 090 [   0/21]  loss=0.2212  lr=5.49e-06  ema_tau=0.99990
  Epoch 090 [  20/21]  loss=0.1820  lr=4.68e-06  ema_tau=0.99992

Epoch 090 done | avg_loss=0.1800 | time=18.0s
  Collapse check — embed_std=0.0355  mean_cos_sim=0.7399
  Val loss: 0.1876
  Checkpoint saved → /scratch/va2661/data/active_matter/checkpoints/jepa/latest.pt
  Checkpoint saved → /scratch/va2661/data/active_matter/checkpoints/jepa/epoch_0090.pt

  Epoch 091 [   0/21]  loss=0.1516  lr=4.65e-06  ema_tau=0.99992
  Epoch 091 [  20/21]  loss=0.2044  lr=3.92e-06  ema_tau=0.99994

Epoch 091 done | avg_loss=0.1804 | time=18.3s
  Val loss: 0.1891
  Checkpoint saved → /scratch/va2661/data/active_matter/checkpoints/jepa/latest.pt

  Epoch 092 [   0/21]  loss=0.1916  lr=3.89e-06  ema_tau=0.99994
  Epoch 092 [  20/21]  loss=0.1622  lr=3.24e-06  ema_tau=0.99995

Epoch 092 done | avg_loss=0.1799 | time=18.1s
  Val loss: 0.1916
  Checkpoint saved → /scratch/va2661/data/active_matter/checkpoints/jepa/latest.pt

  Epoch 093 [   0/21]  loss=0.1598  lr=3.21e-06  ema_tau=0.99995
  Epoch 093 [  20/21]  loss=0.2000  lr=2.65e-06  ema_tau=0.99996

Epoch 093 done | avg_loss=0.1788 | time=18.7s
  Val loss: 0.1873
  Checkpoint saved → /scratch/va2661/data/active_matter/checkpoints/jepa/latest.pt

  Epoch 094 [   0/21]  loss=0.1893  lr=2.63e-06  ema_tau=0.99996
  Epoch 094 [  20/21]  loss=0.1104  lr=2.15e-06  ema_tau=0.99997

Epoch 094 done | avg_loss=0.1763 | time=18.4s
  Val loss: 0.1904
  Checkpoint saved → /scratch/va2661/data/active_matter/checkpoints/jepa/latest.pt

  Epoch 095 [   0/21]  loss=0.2012  lr=2.13e-06  ema_tau=0.99998
  Epoch 095 [  20/21]  loss=0.1998  lr=1.74e-06  ema_tau=0.99998

Epoch 095 done | avg_loss=0.1836 | time=18.3s
  Collapse check — embed_std=0.0354  mean_cos_sim=0.7117
  Val loss: 0.1901
  Checkpoint saved → /scratch/va2661/data/active_matter/checkpoints/jepa/latest.pt

  Epoch 096 [   0/21]  loss=0.1991  lr=1.73e-06  ema_tau=0.99998
  Epoch 096 [  20/21]  loss=0.1948  lr=1.42e-06  ema_tau=0.99999

Epoch 096 done | avg_loss=0.1790 | time=18.6s
  Val loss: 0.1926
  Checkpoint saved → /scratch/va2661/data/active_matter/checkpoints/jepa/latest.pt

  Epoch 097 [   0/21]  loss=0.1312  lr=1.41e-06  ema_tau=0.99999
  Epoch 097 [  20/21]  loss=0.1565  lr=1.19e-06  ema_tau=1.00000

Epoch 097 done | avg_loss=0.1793 | time=19.1s
  Val loss: 0.1872
  Checkpoint saved → /scratch/va2661/data/active_matter/checkpoints/jepa/latest.pt

  Epoch 098 [   0/21]  loss=0.1933  lr=1.18e-06  ema_tau=1.00000
  Epoch 098 [  20/21]  loss=0.1492  lr=1.05e-06  ema_tau=1.00000

Epoch 098 done | avg_loss=0.1820 | time=18.6s
  Val loss: 0.1860
  Checkpoint saved → /scratch/va2661/data/active_matter/checkpoints/jepa/latest.pt

  Epoch 099 [   0/21]  loss=0.1822  lr=1.05e-06  ema_tau=1.00000
  Epoch 099 [  20/21]  loss=0.1799  lr=1.00e-06  ema_tau=1.00000

Epoch 099 done | avg_loss=0.1799 | time=18.5s
  Val loss: 0.1902
  Checkpoint saved → /scratch/va2661/data/active_matter/checkpoints/jepa/latest.pt

Training complete.
End time : Wed Apr  8 23:30:14 EDT 2026
